// Jest Snapshot v1, https://goo.gl/fbAQLP

exports[`renders correctly 1`] = `
<View
  style={
    Object {
      "backgroundColor": "white",
      "flex": 1,
    }
  }
>
  <View
    style={
      Object {
        "alignItems": "center",
        "backgroundColor": "white",
        "flex": 0.6,
      }
    }
  >
    <Image
      source={
        Object {
          "testUri": "../../../screens/auth/lock.jpg",
        }
      }
      style={
        Object {
          "height": 200,
          "marginTop": 80,
          "width": 200,
        }
      }
    />
    <Text
      accessible={true}
      allowFontScaling={true}
      ellipsizeMode="tail"
      style={
        Object {
          "color": "gray",
          "fontSize": 28,
          "fontWeight": "600",
          "marginTop": 10,
        }
      }
    >
      Forgot your password?
    </Text>
    <Text
      accessible={true}
      allowFontScaling={true}
      ellipsizeMode="tail"
      style={
        Object {
          "color": "gray",
          "paddingTop": 20,
        }
      }
    >
      Enter your Email address below.
    </Text>
  </View>
  <View
    style={
      Object {
        "alignItems": "center",
        "backgroundColor": "white",
        "flex": 0.1,
      }
    }
  >
    <TextInput
      allowFontScaling={true}
      autoCapitalize="none"
      autoCorrect={false}
      keyboardType="email-address"
      onChangeText={[Function]}
      placeholder="Email"
      style={
        Object {
          "borderWidth": 0,
          "height": 50,
          "paddingTop": 10,
          "width": 250,
        }
      }
      value=""
    />
  </View>
  <View
    style={
      Object {
        "alignItems": "center",
        "flex": 0.1,
      }
    }
  >
    <View
      accessible={true}
      isTVSelectable={true}
      onResponderGrant={[Function]}
      onResponderMove={[Function]}
      onResponderRelease={[Function]}
      onResponderTerminate={[Function]}
      onResponderTerminationRequest={[Function]}
      onStartShouldSetResponder={[Function]}
      style={
        Object {
          "alignItems": "center",
          "backgroundColor": "#D6FAEA",
          "borderRadius": 9,
          "height": 40,
          "justifyContent": "center",
          "opacity": 1,
          "width": 180,
        }
      }
    >
      <Text
        accessible={true}
        allowFontScaling={true}
        ellipsizeMode="tail"
      >
        Reset Password
      </Text>
    </View>
  </View>
  <View
    style={
      Object {
        "alignItems": "center",
        "flex": 0.1,
      }
    }
  >
    <View
      accessible={true}
      isTVSelectable={true}
      onResponderGrant={[Function]}
      onResponderMove={[Function]}
      onResponderRelease={[Function]}
      onResponderTerminate={[Function]}
      onResponderTerminationRequest={[Function]}
      onStartShouldSetResponder={[Function]}
      style={
        Object {
          "alignItems": "center",
          "backgroundColor": "#D6FAEA",
          "borderRadius": 9,
          "height": 40,
          "justifyContent": "center",
          "opacity": 1,
          "width": 180,
        }
      }
    >
      <Text
        accessible={true}
        allowFontScaling={true}
        ellipsizeMode="tail"
      >
        Back to Login
      </Text>
    </View>
  </View>
</View>
`;
